// Vitest Snapshot v1, https://vitest.dev/guide/snapshot.html

exports[`ConversionResult > should match snapshot 1`] = `
<div
  class="mt-6 p-4 bg-success-50 border border-success-200 rounded-lg"
>
  <h3
    class="text-lg font-semibold text-brand-700 mb-2"
  >
    Conversion Result
  </h3>
  <div
    class="space-y-2"
  >
    <div
      class="flex justify-between items-center"
    >
      <span
        class="text-neutral-700 font-medium"
      >
        Original Amount
      </span>
      <span
        class="text-brand-800 font-bold"
      >
        $100.00
      </span>
    </div>
    <div
      class="flex justify-between items-center"
    >
      <span
        class="text-neutral-700 font-medium"
      >
        Converted Amount
      </span>
      <span
        class="text-brand-800 font-bold"
      >
        â‚¬85.50
      </span>
    </div>
    <div
      class="flex justify-between items-center"
    >
      <span
        class="text-neutral-700 font-medium"
      >
        Exchange Rate
      </span>
      <span
        class="text-brand-800 font-bold"
      >
        1 USD = 0.8550 EUR
      </span>
    </div>
    <div
      class="text-sm text-neutral-600 mt-2"
    >
      Date: 
      2024-01-15
       | Last updated:
       
      15/01/2024, 07:30:00
    </div>
  </div>
</div>
`;
