// Vitest Snapshot v1, https://vitest.dev/guide/snapshot.html

exports[`CurrencyConverter > should match snapshot 1`] = `
<div
  class="bg-white w-full lg:w-[850px] rounded-lg p-8 shadow-md transition-[height]"
>
  <div
    data-testid="currency-converter-form"
  >
    Currency Converter Form
  </div>
  <div
    data-testid="conversion-result"
  >
    Conversion Result
  </div>
</div>
`;
