// Vitest Snapshot v1, https://vitest.dev/guide/snapshot.html

exports[`CurrencyAmountInput > should match snapshot 1`] = `
<div
  class="input-base h-16 bg-white border border-neutral-200 rounded-lg relative text-neutral-500 font-medium w-full shadow-none border-gray-200 focus:border-blue-500 focus:ring-1 focus:ring-blue-500"
>
  <input
    class="w-full h-full bg-transparent border-none outline-none text-neutral-900 font-medium placeholder:text-neutral-400 focus-visible:ring-0 text-lg px-4"
    data-testid="currency-input"
    id="amount"
    inputmode="numeric"
    placeholder="0.00"
    type="text"
    value=""
  />
</div>
`;
